// Jest Snapshot v1, https://goo.gl/fbAQLP

exports[`Pruebas de <Giftitem /> debe hacer match con el snapshot 1`] = `
<div>
  <div
    class="card"
  >
    <img
      alt="Saitama es la cumbia"
      src="https://one-puch.com/saitama.png"
    />
    <p>
      Saitama es la cumbia
    </p>
  </div>
</div>
`;
